------------------------------------------------------------
Timing Analyzer Summary
------------------------------------------------------------

Type  : Slow 1200mV 85C Model Setup 'A2'
Slack : -0.981
TNS   : -0.981

Type  : Slow 1200mV 85C Model Setup 'inst'
Slack : -0.530
TNS   : -0.872

Type  : Slow 1200mV 85C Model Setup 'inst1'
Slack : 0.317
TNS   : 0.000

Type  : Slow 1200mV 85C Model Hold 'inst'
Slack : 0.133
TNS   : 0.000

Type  : Slow 1200mV 85C Model Hold 'inst1'
Slack : 0.384
TNS   : 0.000

Type  : Slow 1200mV 85C Model Hold 'A2'
Slack : 0.989
TNS   : 0.000

Type  : Slow 1200mV 85C Model Minimum Pulse Width 'A2'
Slack : -3.000
TNS   : -4.000

Type  : Slow 1200mV 85C Model Minimum Pulse Width 'inst'
Slack : -1.000
TNS   : -2.000

Type  : Slow 1200mV 85C Model Minimum Pulse Width 'inst1'
Slack : -1.000
TNS   : -1.000

Type  : Slow 1200mV 0C Model Setup 'A2'
Slack : -0.790
TNS   : -0.790

Type  : Slow 1200mV 0C Model Setup 'inst'
Slack : -0.354
TNS   : -0.566

Type  : Slow 1200mV 0C Model Setup 'inst1'
Slack : 0.398
TNS   : 0.000

Type  : Slow 1200mV 0C Model Hold 'inst'
Slack : 0.150
TNS   : 0.000

Type  : Slow 1200mV 0C Model Hold 'inst1'
Slack : 0.341
TNS   : 0.000

Type  : Slow 1200mV 0C Model Hold 'A2'
Slack : 0.872
TNS   : 0.000

Type  : Slow 1200mV 0C Model Minimum Pulse Width 'A2'
Slack : -3.000
TNS   : -4.000

Type  : Slow 1200mV 0C Model Minimum Pulse Width 'inst'
Slack : -1.000
TNS   : -2.000

Type  : Slow 1200mV 0C Model Minimum Pulse Width 'inst1'
Slack : -1.000
TNS   : -1.000

Type  : Fast 1200mV 0C Model Setup 'A2'
Slack : -0.108
TNS   : -0.108

Type  : Fast 1200mV 0C Model Setup 'inst'
Slack : 0.138
TNS   : 0.000

Type  : Fast 1200mV 0C Model Setup 'inst1'
Slack : 0.624
TNS   : 0.000

Type  : Fast 1200mV 0C Model Hold 'inst'
Slack : 0.085
TNS   : 0.000

Type  : Fast 1200mV 0C Model Hold 'inst1'
Slack : 0.206
TNS   : 0.000

Type  : Fast 1200mV 0C Model Hold 'A2'
Slack : 0.321
TNS   : 0.000

Type  : Fast 1200mV 0C Model Minimum Pulse Width 'A2'
Slack : -3.000
TNS   : -4.086

Type  : Fast 1200mV 0C Model Minimum Pulse Width 'inst'
Slack : -1.000
TNS   : -2.000

Type  : Fast 1200mV 0C Model Minimum Pulse Width 'inst1'
Slack : -1.000
TNS   : -1.000

------------------------------------------------------------
